15:26:58 **** Rebuild of configuration Debug for project W6100-EVB_SLAAC ****
Info: Internal Builder is used for build
arm-atollic-eabi-gcc -c ..\src\main.c -mthumb -mcpu=cortex-m3 -std=gnu11 -DSTM32F10X_HD -DSTM32F103VC -DUSE_STDPERIPH_DRIVER -I../src -I../Libraries/STM32F10x_StdPeriph_Driver/inc -I../Libraries/CMSIS/Device/ST/STM32F10x/Include -I../Libraries/CMSIS/Include -ID:\Project\2019\W6100-EVB\TrueSTUDIO\W6100-EVB_SLAAC\Libraries\ioLibrary_Driver -ID:\Project\2019\W6100-EVB\TrueSTUDIO\W6100-EVB_SLAAC\Libraries\ioLibrary_Driver\Ethernet -ID:\Project\2019\W6100-EVB\TrueSTUDIO\W6100-EVB_SLAAC\Libraries\ioLibrary_Driver\Ethernet\W6100 -ID:\Project\2019\W6100-EVB\TrueSTUDIO\W6100-EVB_SLAAC\Libraries\ioLibrary_Driver\Internet\DHCP6 -O0 -ffunction-sections -fdata-sections -g -fstack-usage -Wfatal-errors -o src\main.o 
..\src\main.c: In function 'main':
..\src\main.c:40:2: warning: implicit declaration of function 'timerInitialize' [-Wimplicit-function-declaration]
  timerInitialize();
  ^~~~~~~~~~~~~~~
..\src\main.c:64:2: warning: implicit declaration of function 'W6100Initialze' [-Wimplicit-function-declaration]
  W6100Initialze();
  ^~~~~~~~~~~~~~
..\src\main.c: In function 'Main_MENU':
..\src\main.c:199:4: warning: implicit declaration of function 'loopback_tcps' [-Wimplicit-function-declaration]
    loopback_tcps(0, 5000, data_buf, AF_INET6);
    ^~~~~~~~~~~~~
..\src\main.c:299:4: warning: implicit declaration of function 'loopback_udps' [-Wimplicit-function-declaration]
    loopback_udps(0, data_buf, 5000, AF_INET6);
    ^~~~~~~~~~~~~
arm-atollic-eabi-gcc -c ..\Libraries\STM32F10x_StdPeriph_Driver\src\stm32f10x_adc.c -mthumb -mcpu=cortex-m3 -std=gnu11 -DSTM32F10X_HD -DSTM32F103VC -DUSE_STDPERIPH_DRIVER -I../src -I../Libraries/STM32F10x_StdPeriph_Driver/inc -I../Libraries/CMSIS/Device/ST/STM32F10x/Include -I../Libraries/CMSIS/Include -ID:\Project\2019\W6100-EVB\TrueSTUDIO\W6100-EVB_SLAAC\Libraries\ioLibrary_Driver -ID:\Project\2019\W6100-EVB\TrueSTUDIO\W6100-EVB_SLAAC\Libraries\ioLibrary_Driver\Ethernet -ID:\Project\2019\W6100-EVB\TrueSTUDIO\W6100-EVB_SLAAC\Libraries\ioLibrary_Driver\Ethernet\W6100 -ID:\Project\2019\W6100-EVB\TrueSTUDIO\W6100-EVB_SLAAC\Libraries\ioLibrary_Driver\Internet\DHCP6 -O0 -ffunction-sections -fdata-sections -g -fstack-usage -Wfatal-errors -o Libraries\STM32F10x_StdPeriph_Driver\src\stm32f10x_adc.o 
arm-atollic-eabi-gcc -c ..\Libraries\STM32F10x_StdPeriph_Driver\src\stm32f10x_bkp.c -mthumb -mcpu=cortex-m3 -std=gnu11 -DSTM32F10X_HD -DSTM32F103VC -DUSE_STDPERIPH_DRIVER -I../src -I../Libraries/STM32F10x_StdPeriph_Driver/inc -I../Libraries/CMSIS/Device/ST/STM32F10x/Include -I../Libraries/CMSIS/Include -ID:\Project\2019\W6100-EVB\TrueSTUDIO\W6100-EVB_SLAAC\Libraries\ioLibrary_Driver -ID:\Project\2019\W6100-EVB\TrueSTUDIO\W6100-EVB_SLAAC\Libraries\ioLibrary_Driver\Ethernet -ID:\Project\2019\W6100-EVB\TrueSTUDIO\W6100-EVB_SLAAC\Libraries\ioLibrary_Driver\Ethernet\W6100 -ID:\Project\2019\W6100-EVB\TrueSTUDIO\W6100-EVB_SLAAC\Libraries\ioLibrary_Driver\Internet\DHCP6 -O0 -ffunction-sections -fdata-sections -g -fstack-usage -Wfatal-errors -o Libraries\STM32F10x_StdPeriph_Driver\src\stm32f10x_bkp.o 
arm-atollic-eabi-gcc -c -mthumb -mcpu=cortex-m3 -DSTM32F10X_HD -DSTM32F103VC -DUSE_STDPERIPH_DRIVER -I../src -I../Libraries/STM32F10x_StdPeriph_Driver/inc -I../Libraries/CMSIS/Device/ST/STM32F10x/Include -I../Libraries/CMSIS/Include -ID:\Project\2019\W6100-EVB\TrueSTUDIO\W6100-EVB_SLAAC\Libraries\ioLibrary_Driver -ID:\Project\2019\W6100-EVB\TrueSTUDIO\W6100-EVB_SLAAC\Libraries\ioLibrary_Driver\Ethernet -ID:\Project\2019\W6100-EVB\TrueSTUDIO\W6100-EVB_SLAAC\Libraries\ioLibrary_Driver\Internet\DHCP6 -g -Wa,--warn -x assembler-with-cpp -o src\startup_stm32f10x_hd.o ..\src\startup_stm32f10x_hd.s 
arm-atollic-eabi-gcc -c ..\Libraries\syscalls\syscalls.c -mthumb -mcpu=cortex-m3 -std=gnu11 -DSTM32F10X_HD -DSTM32F103VC -DUSE_STDPERIPH_DRIVER -I../src -I../Libraries/STM32F10x_StdPeriph_Driver/inc -I../Libraries/CMSIS/Device/ST/STM32F10x/Include -I../Libraries/CMSIS/Include -ID:\Project\2019\W6100-EVB\TrueSTUDIO\W6100-EVB_SLAAC\Libraries\ioLibrary_Driver -ID:\Project\2019\W6100-EVB\TrueSTUDIO\W6100-EVB_SLAAC\Libraries\ioLibrary_Driver\Ethernet -ID:\Project\2019\W6100-EVB\TrueSTUDIO\W6100-EVB_SLAAC\Libraries\ioLibrary_Driver\Ethernet\W6100 -ID:\Project\2019\W6100-EVB\TrueSTUDIO\W6100-EVB_SLAAC\Libraries\ioLibrary_Driver\Internet\DHCP6 -O0 -ffunction-sections -fdata-sections -g -fstack-usage -Wfatal-errors -o Libraries\syscalls\syscalls.o 
arm-atollic-eabi-gcc -c ..\Libraries\STM32F10x_StdPeriph_Driver\src\stm32f10x_cec.c -mthumb -mcpu=cortex-m3 -std=gnu11 -DSTM32F10X_HD -DSTM32F103VC -DUSE_STDPERIPH_DRIVER -I../src -I../Libraries/STM32F10x_StdPeriph_Driver/inc -I../Libraries/CMSIS/Device/ST/STM32F10x/Include -I../Libraries/CMSIS/Include -ID:\Project\2019\W6100-EVB\TrueSTUDIO\W6100-EVB_SLAAC\Libraries\ioLibrary_Driver -ID:\Project\2019\W6100-EVB\TrueSTUDIO\W6100-EVB_SLAAC\Libraries\ioLibrary_Driver\Ethernet -ID:\Project\2019\W6100-EVB\TrueSTUDIO\W6100-EVB_SLAAC\Libraries\ioLibrary_Driver\Ethernet\W6100 -ID:\Project\2019\W6100-EVB\TrueSTUDIO\W6100-EVB_SLAAC\Libraries\ioLibrary_Driver\Internet\DHCP6 -O0 -ffunction-sections -fdata-sections -g -fstack-usage -Wfatal-errors -o Libraries\STM32F10x_StdPeriph_Driver\src\stm32f10x_cec.o 
arm-atollic-eabi-gcc -c ..\Libraries\STM32F10x_StdPeriph_Driver\src\stm32f10x_crc.c -mthumb -mcpu=cortex-m3 -std=gnu11 -DSTM32F10X_HD -DSTM32F103VC -DUSE_STDPERIPH_DRIVER -I../src -I../Libraries/STM32F10x_StdPeriph_Driver/inc -I../Libraries/CMSIS/Device/ST/STM32F10x/Include -I../Libraries/CMSIS/Include -ID:\Project\2019\W6100-EVB\TrueSTUDIO\W6100-EVB_SLAAC\Libraries\ioLibrary_Driver -ID:\Project\2019\W6100-EVB\TrueSTUDIO\W6100-EVB_SLAAC\Libraries\ioLibrary_Driver\Ethernet -ID:\Project\2019\W6100-EVB\TrueSTUDIO\W6100-EVB_SLAAC\Libraries\ioLibrary_Driver\Ethernet\W6100 -ID:\Project\2019\W6100-EVB\TrueSTUDIO\W6100-EVB_SLAAC\Libraries\ioLibrary_Driver\Internet\DHCP6 -O0 -ffunction-sections -fdata-sections -g -fstack-usage -Wfatal-errors -o Libraries\STM32F10x_StdPeriph_Driver\src\stm32f10x_crc.o 
arm-atollic-eabi-gcc -c ..\src\serialCommand.c -mthumb -mcpu=cortex-m3 -std=gnu11 -DSTM32F10X_HD -DSTM32F103VC -DUSE_STDPERIPH_DRIVER -I../src -I../Libraries/STM32F10x_StdPeriph_Driver/inc -I../Libraries/CMSIS/Device/ST/STM32F10x/Include -I../Libraries/CMSIS/Include -ID:\Project\2019\W6100-EVB\TrueSTUDIO\W6100-EVB_SLAAC\Libraries\ioLibrary_Driver -ID:\Project\2019\W6100-EVB\TrueSTUDIO\W6100-EVB_SLAAC\Libraries\ioLibrary_Driver\Ethernet -ID:\Project\2019\W6100-EVB\TrueSTUDIO\W6100-EVB_SLAAC\Libraries\ioLibrary_Driver\Ethernet\W6100 -ID:\Project\2019\W6100-EVB\TrueSTUDIO\W6100-EVB_SLAAC\Libraries\ioLibrary_Driver\Internet\DHCP6 -O0 -ffunction-sections -fdata-sections -g -fstack-usage -Wfatal-errors -o src\serialCommand.o 
arm-atollic-eabi-gcc -c ..\Libraries\STM32F10x_StdPeriph_Driver\src\stm32f10x_usart.c -mthumb -mcpu=cortex-m3 -std=gnu11 -DSTM32F10X_HD -DSTM32F103VC -DUSE_STDPERIPH_DRIVER -I../src -I../Libraries/STM32F10x_StdPeriph_Driver/inc -I../Libraries/CMSIS/Device/ST/STM32F10x/Include -I../Libraries/CMSIS/Include -ID:\Project\2019\W6100-EVB\TrueSTUDIO\W6100-EVB_SLAAC\Libraries\ioLibrary_Driver -ID:\Project\2019\W6100-EVB\TrueSTUDIO\W6100-EVB_SLAAC\Libraries\ioLibrary_Driver\Ethernet -ID:\Project\2019\W6100-EVB\TrueSTUDIO\W6100-EVB_SLAAC\Libraries\ioLibrary_Driver\Ethernet\W6100 -ID:\Project\2019\W6100-EVB\TrueSTUDIO\W6100-EVB_SLAAC\Libraries\ioLibrary_Driver\Internet\DHCP6 -O0 -ffunction-sections -fdata-sections -g -fstack-usage -Wfatal-errors -o Libraries\STM32F10x_StdPeriph_Driver\src\stm32f10x_usart.o 
arm-atollic-eabi-gcc -c ..\Libraries\STM32F10x_StdPeriph_Driver\src\stm32f10x_dma.c -mthumb -mcpu=cortex-m3 -std=gnu11 -DSTM32F10X_HD -DSTM32F103VC -DUSE_STDPERIPH_DRIVER -I../src -I../Libraries/STM32F10x_StdPeriph_Driver/inc -I../Libraries/CMSIS/Device/ST/STM32F10x/Include -I../Libraries/CMSIS/Include -ID:\Project\2019\W6100-EVB\TrueSTUDIO\W6100-EVB_SLAAC\Libraries\ioLibrary_Driver -ID:\Project\2019\W6100-EVB\TrueSTUDIO\W6100-EVB_SLAAC\Libraries\ioLibrary_Driver\Ethernet -ID:\Project\2019\W6100-EVB\TrueSTUDIO\W6100-EVB_SLAAC\Libraries\ioLibrary_Driver\Ethernet\W6100 -ID:\Project\2019\W6100-EVB\TrueSTUDIO\W6100-EVB_SLAAC\Libraries\ioLibrary_Driver\Internet\DHCP6 -O0 -ffunction-sections -fdata-sections -g -fstack-usage -Wfatal-errors -o Libraries\STM32F10x_StdPeriph_Driver\src\stm32f10x_dma.o 
arm-atollic-eabi-gcc -c ..\Libraries\STM32F10x_StdPeriph_Driver\src\stm32f10x_pwr.c -mthumb -mcpu=cortex-m3 -std=gnu11 -DSTM32F10X_HD -DSTM32F103VC -DUSE_STDPERIPH_DRIVER -I../src -I../Libraries/STM32F10x_StdPeriph_Driver/inc -I../Libraries/CMSIS/Device/ST/STM32F10x/Include -I../Libraries/CMSIS/Include -ID:\Project\2019\W6100-EVB\TrueSTUDIO\W6100-EVB_SLAAC\Libraries\ioLibrary_Driver -ID:\Project\2019\W6100-EVB\TrueSTUDIO\W6100-EVB_SLAAC\Libraries\ioLibrary_Driver\Ethernet -ID:\Project\2019\W6100-EVB\TrueSTUDIO\W6100-EVB_SLAAC\Libraries\ioLibrary_Driver\Ethernet\W6100 -ID:\Project\2019\W6100-EVB\TrueSTUDIO\W6100-EVB_SLAAC\Libraries\ioLibrary_Driver\Internet\DHCP6 -O0 -ffunction-sections -fdata-sections -g -fstack-usage -Wfatal-errors -o Libraries\STM32F10x_StdPeriph_Driver\src\stm32f10x_pwr.o 
arm-atollic-eabi-gcc -c ..\Libraries\STM32F10x_StdPeriph_Driver\src\stm32f10x_spi.c -mthumb -mcpu=cortex-m3 -std=gnu11 -DSTM32F10X_HD -DSTM32F103VC -DUSE_STDPERIPH_DRIVER -I../src -I../Libraries/STM32F10x_StdPeriph_Driver/inc -I../Libraries/CMSIS/Device/ST/STM32F10x/Include -I../Libraries/CMSIS/Include -ID:\Project\2019\W6100-EVB\TrueSTUDIO\W6100-EVB_SLAAC\Libraries\ioLibrary_Driver -ID:\Project\2019\W6100-EVB\TrueSTUDIO\W6100-EVB_SLAAC\Libraries\ioLibrary_Driver\Ethernet -ID:\Project\2019\W6100-EVB\TrueSTUDIO\W6100-EVB_SLAAC\Libraries\ioLibrary_Driver\Ethernet\W6100 -ID:\Project\2019\W6100-EVB\TrueSTUDIO\W6100-EVB_SLAAC\Libraries\ioLibrary_Driver\Internet\DHCP6 -O0 -ffunction-sections -fdata-sections -g -fstack-usage -Wfatal-errors -o Libraries\STM32F10x_StdPeriph_Driver\src\stm32f10x_spi.o 
arm-atollic-eabi-gcc -c ..\Libraries\STM32F10x_StdPeriph_Driver\src\stm32f10x_wwdg.c -mthumb -mcpu=cortex-m3 -std=gnu11 -DSTM32F10X_HD -DSTM32F103VC -DUSE_STDPERIPH_DRIVER -I../src -I../Libraries/STM32F10x_StdPeriph_Driver/inc -I../Libraries/CMSIS/Device/ST/STM32F10x/Include -I../Libraries/CMSIS/Include -ID:\Project\2019\W6100-EVB\TrueSTUDIO\W6100-EVB_SLAAC\Libraries\ioLibrary_Driver -ID:\Project\2019\W6100-EVB\TrueSTUDIO\W6100-EVB_SLAAC\Libraries\ioLibrary_Driver\Ethernet -ID:\Project\2019\W6100-EVB\TrueSTUDIO\W6100-EVB_SLAAC\Libraries\ioLibrary_Driver\Ethernet\W6100 -ID:\Project\2019\W6100-EVB\TrueSTUDIO\W6100-EVB_SLAAC\Libraries\ioLibrary_Driver\Internet\DHCP6 -O0 -ffunction-sections -fdata-sections -g -fstack-usage -Wfatal-errors -o Libraries\STM32F10x_StdPeriph_Driver\src\stm32f10x_wwdg.o 
arm-atollic-eabi-gcc -c ..\src\system_stm32f10x.c -mthumb -mcpu=cortex-m3 -std=gnu11 -DSTM32F10X_HD -DSTM32F103VC -DUSE_STDPERIPH_DRIVER -I../src -I../Libraries/STM32F10x_StdPeriph_Driver/inc -I../Libraries/CMSIS/Device/ST/STM32F10x/Include -I../Libraries/CMSIS/Include -ID:\Project\2019\W6100-EVB\TrueSTUDIO\W6100-EVB_SLAAC\Libraries\ioLibrary_Driver -ID:\Project\2019\W6100-EVB\TrueSTUDIO\W6100-EVB_SLAAC\Libraries\ioLibrary_Driver\Ethernet -ID:\Project\2019\W6100-EVB\TrueSTUDIO\W6100-EVB_SLAAC\Libraries\ioLibrary_Driver\Ethernet\W6100 -ID:\Project\2019\W6100-EVB\TrueSTUDIO\W6100-EVB_SLAAC\Libraries\ioLibrary_Driver\Internet\DHCP6 -O0 -ffunction-sections -fdata-sections -g -fstack-usage -Wfatal-errors -o src\system_stm32f10x.o 
arm-atollic-eabi-gcc -c ..\Libraries\STM32F10x_StdPeriph_Driver\src\misc.c -mthumb -mcpu=cortex-m3 -std=gnu11 -DSTM32F10X_HD -DSTM32F103VC -DUSE_STDPERIPH_DRIVER -I../src -I../Libraries/STM32F10x_StdPeriph_Driver/inc -I../Libraries/CMSIS/Device/ST/STM32F10x/Include -I../Libraries/CMSIS/Include -ID:\Project\2019\W6100-EVB\TrueSTUDIO\W6100-EVB_SLAAC\Libraries\ioLibrary_Driver -ID:\Project\2019\W6100-EVB\TrueSTUDIO\W6100-EVB_SLAAC\Libraries\ioLibrary_Driver\Ethernet -ID:\Project\2019\W6100-EVB\TrueSTUDIO\W6100-EVB_SLAAC\Libraries\ioLibrary_Driver\Ethernet\W6100 -ID:\Project\2019\W6100-EVB\TrueSTUDIO\W6100-EVB_SLAAC\Libraries\ioLibrary_Driver\Internet\DHCP6 -O0 -ffunction-sections -fdata-sections -g -fstack-usage -Wfatal-errors -o Libraries\STM32F10x_StdPeriph_Driver\src\misc.o 
arm-atollic-eabi-gcc -c ..\Libraries\STM32F10x_StdPeriph_Driver\src\stm32f10x_i2c.c -mthumb -mcpu=cortex-m3 -std=gnu11 -DSTM32F10X_HD -DSTM32F103VC -DUSE_STDPERIPH_DRIVER -I../src -I../Libraries/STM32F10x_StdPeriph_Driver/inc -I../Libraries/CMSIS/Device/ST/STM32F10x/Include -I../Libraries/CMSIS/Include -ID:\Project\2019\W6100-EVB\TrueSTUDIO\W6100-EVB_SLAAC\Libraries\ioLibrary_Driver -ID:\Project\2019\W6100-EVB\TrueSTUDIO\W6100-EVB_SLAAC\Libraries\ioLibrary_Driver\Ethernet -ID:\Project\2019\W6100-EVB\TrueSTUDIO\W6100-EVB_SLAAC\Libraries\ioLibrary_Driver\Ethernet\W6100 -ID:\Project\2019\W6100-EVB\TrueSTUDIO\W6100-EVB_SLAAC\Libraries\ioLibrary_Driver\Internet\DHCP6 -O0 -ffunction-sections -fdata-sections -g -fstack-usage -Wfatal-errors -o Libraries\STM32F10x_StdPeriph_Driver\src\stm32f10x_i2c.o 
arm-atollic-eabi-gcc -c ..\Libraries\STM32F10x_StdPeriph_Driver\src\stm32f10x_dbgmcu.c -mthumb -mcpu=cortex-m3 -std=gnu11 -DSTM32F10X_HD -DSTM32F103VC -DUSE_STDPERIPH_DRIVER -I../src -I../Libraries/STM32F10x_StdPeriph_Driver/inc -I../Libraries/CMSIS/Device/ST/STM32F10x/Include -I../Libraries/CMSIS/Include -ID:\Project\2019\W6100-EVB\TrueSTUDIO\W6100-EVB_SLAAC\Libraries\ioLibrary_Driver -ID:\Project\2019\W6100-EVB\TrueSTUDIO\W6100-EVB_SLAAC\Libraries\ioLibrary_Driver\Ethernet -ID:\Project\2019\W6100-EVB\TrueSTUDIO\W6100-EVB_SLAAC\Libraries\ioLibrary_Driver\Ethernet\W6100 -ID:\Project\2019\W6100-EVB\TrueSTUDIO\W6100-EVB_SLAAC\Libraries\ioLibrary_Driver\Internet\DHCP6 -O0 -ffunction-sections -fdata-sections -g -fstack-usage -Wfatal-errors -o Libraries\STM32F10x_StdPeriph_Driver\src\stm32f10x_dbgmcu.o 
arm-atollic-eabi-gcc -c ..\Libraries\STM32F10x_StdPeriph_Driver\src\stm32f10x_iwdg.c -mthumb -mcpu=cortex-m3 -std=gnu11 -DSTM32F10X_HD -DSTM32F103VC -DUSE_STDPERIPH_DRIVER -I../src -I../Libraries/STM32F10x_StdPeriph_Driver/inc -I../Libraries/CMSIS/Device/ST/STM32F10x/Include -I../Libraries/CMSIS/Include -ID:\Project\2019\W6100-EVB\TrueSTUDIO\W6100-EVB_SLAAC\Libraries\ioLibrary_Driver -ID:\Project\2019\W6100-EVB\TrueSTUDIO\W6100-EVB_SLAAC\Libraries\ioLibrary_Driver\Ethernet -ID:\Project\2019\W6100-EVB\TrueSTUDIO\W6100-EVB_SLAAC\Libraries\ioLibrary_Driver\Ethernet\W6100 -ID:\Project\2019\W6100-EVB\TrueSTUDIO\W6100-EVB_SLAAC\Libraries\ioLibrary_Driver\Internet\DHCP6 -O0 -ffunction-sections -fdata-sections -g -fstack-usage -Wfatal-errors -o Libraries\STM32F10x_StdPeriph_Driver\src\stm32f10x_iwdg.o 
arm-atollic-eabi-gcc -c ..\Libraries\STM32F10x_StdPeriph_Driver\src\stm32f10x_can.c -mthumb -mcpu=cortex-m3 -std=gnu11 -DSTM32F10X_HD -DSTM32F103VC -DUSE_STDPERIPH_DRIVER -I../src -I../Libraries/STM32F10x_StdPeriph_Driver/inc -I../Libraries/CMSIS/Device/ST/STM32F10x/Include -I../Libraries/CMSIS/Include -ID:\Project\2019\W6100-EVB\TrueSTUDIO\W6100-EVB_SLAAC\Libraries\ioLibrary_Driver -ID:\Project\2019\W6100-EVB\TrueSTUDIO\W6100-EVB_SLAAC\Libraries\ioLibrary_Driver\Ethernet -ID:\Project\2019\W6100-EVB\TrueSTUDIO\W6100-EVB_SLAAC\Libraries\ioLibrary_Driver\Ethernet\W6100 -ID:\Project\2019\W6100-EVB\TrueSTUDIO\W6100-EVB_SLAAC\Libraries\ioLibrary_Driver\Internet\DHCP6 -O0 -ffunction-sections -fdata-sections -g -fstack-usage -Wfatal-errors -o Libraries\STM32F10x_StdPeriph_Driver\src\stm32f10x_can.o 
arm-atollic-eabi-gcc -c ..\Libraries\STM32F10x_StdPeriph_Driver\src\stm32f10x_flash.c -mthumb -mcpu=cortex-m3 -std=gnu11 -DSTM32F10X_HD -DSTM32F103VC -DUSE_STDPERIPH_DRIVER -I../src -I../Libraries/STM32F10x_StdPeriph_Driver/inc -I../Libraries/CMSIS/Device/ST/STM32F10x/Include -I../Libraries/CMSIS/Include -ID:\Project\2019\W6100-EVB\TrueSTUDIO\W6100-EVB_SLAAC\Libraries\ioLibrary_Driver -ID:\Project\2019\W6100-EVB\TrueSTUDIO\W6100-EVB_SLAAC\Libraries\ioLibrary_Driver\Ethernet -ID:\Project\2019\W6100-EVB\TrueSTUDIO\W6100-EVB_SLAAC\Libraries\ioLibrary_Driver\Ethernet\W6100 -ID:\Project\2019\W6100-EVB\TrueSTUDIO\W6100-EVB_SLAAC\Libraries\ioLibrary_Driver\Internet\DHCP6 -O0 -ffunction-sections -fdata-sections -g -fstack-usage -Wfatal-errors -o Libraries\STM32F10x_StdPeriph_Driver\src\stm32f10x_flash.o 
arm-atollic-eabi-gcc -c ..\Libraries\STM32F10x_StdPeriph_Driver\src\stm32f10x_rtc.c -mthumb -mcpu=cortex-m3 -std=gnu11 -DSTM32F10X_HD -DSTM32F103VC -DUSE_STDPERIPH_DRIVER -I../src -I../Libraries/STM32F10x_StdPeriph_Driver/inc -I../Libraries/CMSIS/Device/ST/STM32F10x/Include -I../Libraries/CMSIS/Include -ID:\Project\2019\W6100-EVB\TrueSTUDIO\W6100-EVB_SLAAC\Libraries\ioLibrary_Driver -ID:\Project\2019\W6100-EVB\TrueSTUDIO\W6100-EVB_SLAAC\Libraries\ioLibrary_Driver\Ethernet -ID:\Project\2019\W6100-EVB\TrueSTUDIO\W6100-EVB_SLAAC\Libraries\ioLibrary_Driver\Ethernet\W6100 -ID:\Project\2019\W6100-EVB\TrueSTUDIO\W6100-EVB_SLAAC\Libraries\ioLibrary_Driver\Internet\DHCP6 -O0 -ffunction-sections -fdata-sections -g -fstack-usage -Wfatal-errors -o Libraries\STM32F10x_StdPeriph_Driver\src\stm32f10x_rtc.o 
arm-atollic-eabi-gcc -c ..\Libraries\ioLibrary_Driver\Application\loopback\loopback.c -mthumb -mcpu=cortex-m3 -std=gnu11 -DSTM32F10X_HD -DSTM32F103VC -DUSE_STDPERIPH_DRIVER -I../src -I../Libraries/STM32F10x_StdPeriph_Driver/inc -I../Libraries/CMSIS/Device/ST/STM32F10x/Include -I../Libraries/CMSIS/Include -ID:\Project\2019\W6100-EVB\TrueSTUDIO\W6100-EVB_SLAAC\Libraries\ioLibrary_Driver -ID:\Project\2019\W6100-EVB\TrueSTUDIO\W6100-EVB_SLAAC\Libraries\ioLibrary_Driver\Ethernet -ID:\Project\2019\W6100-EVB\TrueSTUDIO\W6100-EVB_SLAAC\Libraries\ioLibrary_Driver\Ethernet\W6100 -ID:\Project\2019\W6100-EVB\TrueSTUDIO\W6100-EVB_SLAAC\Libraries\ioLibrary_Driver\Internet\DHCP6 -O0 -ffunction-sections -fdata-sections -g -fstack-usage -Wfatal-errors -o Libraries\ioLibrary_Driver\Application\loopback\loopback.o 
arm-atollic-eabi-gcc -c ..\Libraries\ioLibrary_Driver\Internet\DHCP6\dhcpv6.c -mthumb -mcpu=cortex-m3 -std=gnu11 -DSTM32F10X_HD -DSTM32F103VC -DUSE_STDPERIPH_DRIVER -I../src -I../Libraries/STM32F10x_StdPeriph_Driver/inc -I../Libraries/CMSIS/Device/ST/STM32F10x/Include -I../Libraries/CMSIS/Include -ID:\Project\2019\W6100-EVB\TrueSTUDIO\W6100-EVB_SLAAC\Libraries\ioLibrary_Driver -ID:\Project\2019\W6100-EVB\TrueSTUDIO\W6100-EVB_SLAAC\Libraries\ioLibrary_Driver\Ethernet -ID:\Project\2019\W6100-EVB\TrueSTUDIO\W6100-EVB_SLAAC\Libraries\ioLibrary_Driver\Ethernet\W6100 -ID:\Project\2019\W6100-EVB\TrueSTUDIO\W6100-EVB_SLAAC\Libraries\ioLibrary_Driver\Internet\DHCP6 -O0 -ffunction-sections -fdata-sections -g -fstack-usage -Wfatal-errors -o Libraries\ioLibrary_Driver\Internet\DHCP6\dhcpv6.o 
..\Libraries\ioLibrary_Driver\Internet\DHCP6\dhcpv6.c: In function 'parseDHCPMSG':
..\Libraries\ioLibrary_Driver\Internet\DHCP6\dhcpv6.c:594:15: warning: implicit declaration of function 'getSn_RX_RSR' [-Wimplicit-function-declaration]
     if((len = getSn_RX_RSR(DHCP_SOCKET)) > 0) {
               ^~~~~~~~~~~~
arm-atollic-eabi-gcc -c ..\src\W6100RelFunctions.c -mthumb -mcpu=cortex-m3 -std=gnu11 -DSTM32F10X_HD -DSTM32F103VC -DUSE_STDPERIPH_DRIVER -I../src -I../Libraries/STM32F10x_StdPeriph_Driver/inc -I../Libraries/CMSIS/Device/ST/STM32F10x/Include -I../Libraries/CMSIS/Include -ID:\Project\2019\W6100-EVB\TrueSTUDIO\W6100-EVB_SLAAC\Libraries\ioLibrary_Driver -ID:\Project\2019\W6100-EVB\TrueSTUDIO\W6100-EVB_SLAAC\Libraries\ioLibrary_Driver\Ethernet -ID:\Project\2019\W6100-EVB\TrueSTUDIO\W6100-EVB_SLAAC\Libraries\ioLibrary_Driver\Ethernet\W6100 -ID:\Project\2019\W6100-EVB\TrueSTUDIO\W6100-EVB_SLAAC\Libraries\ioLibrary_Driver\Internet\DHCP6 -O0 -ffunction-sections -fdata-sections -g -fstack-usage -Wfatal-errors -o src\W6100RelFunctions.o 
..\src\W6100RelFunctions.c: In function 'W6100Initialze':
..\src\W6100RelFunctions.c:15:3: warning: implicit declaration of function 'printf' [-Wimplicit-function-declaration]
   printf("W6100 initialized fail.\r\n");
   ^~~~~~
..\src\W6100RelFunctions.c:15:3: warning: incompatible implicit declaration of built-in function 'printf'
..\src\W6100RelFunctions.c:15:3: note: include '<stdio.h>' or provide a declaration of 'printf'
..\src\W6100RelFunctions.c:20:3: warning: incompatible implicit declaration of built-in function 'printf'
   printf("W6100 interrupt\r\n");
   ^~~~~~
..\src\W6100RelFunctions.c:20:3: note: include '<stdio.h>' or provide a declaration of 'printf'
..\src\W6100RelFunctions.c:22:2: warning: incompatible implicit declaration of built-in function 'printf'
  printf("interrupt mask: %02x\r\n",getIMR());
  ^~~~~~
..\src\W6100RelFunctions.c:22:2: note: include '<stdio.h>' or provide a declaration of 'printf'
arm-atollic-eabi-gcc -c ..\src\usart.c -mthumb -mcpu=cortex-m3 -std=gnu11 -DSTM32F10X_HD -DSTM32F103VC -DUSE_STDPERIPH_DRIVER -I../src -I../Libraries/STM32F10x_StdPeriph_Driver/inc -I../Libraries/CMSIS/Device/ST/STM32F10x/Include -I../Libraries/CMSIS/Include -ID:\Project\2019\W6100-EVB\TrueSTUDIO\W6100-EVB_SLAAC\Libraries\ioLibrary_Driver -ID:\Project\2019\W6100-EVB\TrueSTUDIO\W6100-EVB_SLAAC\Libraries\ioLibrary_Driver\Ethernet -ID:\Project\2019\W6100-EVB\TrueSTUDIO\W6100-EVB_SLAAC\Libraries\ioLibrary_Driver\Ethernet\W6100 -ID:\Project\2019\W6100-EVB\TrueSTUDIO\W6100-EVB_SLAAC\Libraries\ioLibrary_Driver\Internet\DHCP6 -O0 -ffunction-sections -fdata-sections -g -fstack-usage -Wfatal-errors -o src\usart.o 
arm-atollic-eabi-gcc -c ..\src\AddressAutoConfig.c -mthumb -mcpu=cortex-m3 -std=gnu11 -DSTM32F10X_HD -DSTM32F103VC -DUSE_STDPERIPH_DRIVER -I../src -I../Libraries/STM32F10x_StdPeriph_Driver/inc -I../Libraries/CMSIS/Device/ST/STM32F10x/Include -I../Libraries/CMSIS/Include -ID:\Project\2019\W6100-EVB\TrueSTUDIO\W6100-EVB_SLAAC\Libraries\ioLibrary_Driver -ID:\Project\2019\W6100-EVB\TrueSTUDIO\W6100-EVB_SLAAC\Libraries\ioLibrary_Driver\Ethernet -ID:\Project\2019\W6100-EVB\TrueSTUDIO\W6100-EVB_SLAAC\Libraries\ioLibrary_Driver\Ethernet\W6100 -ID:\Project\2019\W6100-EVB\TrueSTUDIO\W6100-EVB_SLAAC\Libraries\ioLibrary_Driver\Internet\DHCP6 -O0 -ffunction-sections -fdata-sections -g -fstack-usage -Wfatal-errors -o src\AddressAutoConfig.o 
..\src\AddressAutoConfig.c: In function 'Address_Auto_Config_RA':
..\src\AddressAutoConfig.c:240:6: warning: implicit declaration of function 'getSn_RX_RSR' [-Wimplicit-function-declaration]
   if(getSn_RX_RSR(sn) > 0)
      ^~~~~~~~~~~~
arm-atollic-eabi-gcc -c ..\src\HALInit.c -mthumb -mcpu=cortex-m3 -std=gnu11 -DSTM32F10X_HD -DSTM32F103VC -DUSE_STDPERIPH_DRIVER -I../src -I../Libraries/STM32F10x_StdPeriph_Driver/inc -I../Libraries/CMSIS/Device/ST/STM32F10x/Include -I../Libraries/CMSIS/Include -ID:\Project\2019\W6100-EVB\TrueSTUDIO\W6100-EVB_SLAAC\Libraries\ioLibrary_Driver -ID:\Project\2019\W6100-EVB\TrueSTUDIO\W6100-EVB_SLAAC\Libraries\ioLibrary_Driver\Ethernet -ID:\Project\2019\W6100-EVB\TrueSTUDIO\W6100-EVB_SLAAC\Libraries\ioLibrary_Driver\Ethernet\W6100 -ID:\Project\2019\W6100-EVB\TrueSTUDIO\W6100-EVB_SLAAC\Libraries\ioLibrary_Driver\Internet\DHCP6 -O0 -ffunction-sections -fdata-sections -g -fstack-usage -Wfatal-errors -o src\HALInit.o 
arm-atollic-eabi-gcc -c ..\src\msgq.c -mthumb -mcpu=cortex-m3 -std=gnu11 -DSTM32F10X_HD -DSTM32F103VC -DUSE_STDPERIPH_DRIVER -I../src -I../Libraries/STM32F10x_StdPeriph_Driver/inc -I../Libraries/CMSIS/Device/ST/STM32F10x/Include -I../Libraries/CMSIS/Include -ID:\Project\2019\W6100-EVB\TrueSTUDIO\W6100-EVB_SLAAC\Libraries\ioLibrary_Driver -ID:\Project\2019\W6100-EVB\TrueSTUDIO\W6100-EVB_SLAAC\Libraries\ioLibrary_Driver\Ethernet -ID:\Project\2019\W6100-EVB\TrueSTUDIO\W6100-EVB_SLAAC\Libraries\ioLibrary_Driver\Ethernet\W6100 -ID:\Project\2019\W6100-EVB\TrueSTUDIO\W6100-EVB_SLAAC\Libraries\ioLibrary_Driver\Internet\DHCP6 -O0 -ffunction-sections -fdata-sections -g -fstack-usage -Wfatal-errors -o src\msgq.o 
arm-atollic-eabi-gcc -c ..\Libraries\STM32F10x_StdPeriph_Driver\src\stm32f10x_fsmc.c -mthumb -mcpu=cortex-m3 -std=gnu11 -DSTM32F10X_HD -DSTM32F103VC -DUSE_STDPERIPH_DRIVER -I../src -I../Libraries/STM32F10x_StdPeriph_Driver/inc -I../Libraries/CMSIS/Device/ST/STM32F10x/Include -I../Libraries/CMSIS/Include -ID:\Project\2019\W6100-EVB\TrueSTUDIO\W6100-EVB_SLAAC\Libraries\ioLibrary_Driver -ID:\Project\2019\W6100-EVB\TrueSTUDIO\W6100-EVB_SLAAC\Libraries\ioLibrary_Driver\Ethernet -ID:\Project\2019\W6100-EVB\TrueSTUDIO\W6100-EVB_SLAAC\Libraries\ioLibrary_Driver\Ethernet\W6100 -ID:\Project\2019\W6100-EVB\TrueSTUDIO\W6100-EVB_SLAAC\Libraries\ioLibrary_Driver\Internet\DHCP6 -O0 -ffunction-sections -fdata-sections -g -fstack-usage -Wfatal-errors -o Libraries\STM32F10x_StdPeriph_Driver\src\stm32f10x_fsmc.o 
arm-atollic-eabi-gcc -c ..\Libraries\STM32F10x_StdPeriph_Driver\src\stm32f10x_dac.c -mthumb -mcpu=cortex-m3 -std=gnu11 -DSTM32F10X_HD -DSTM32F103VC -DUSE_STDPERIPH_DRIVER -I../src -I../Libraries/STM32F10x_StdPeriph_Driver/inc -I../Libraries/CMSIS/Device/ST/STM32F10x/Include -I../Libraries/CMSIS/Include -ID:\Project\2019\W6100-EVB\TrueSTUDIO\W6100-EVB_SLAAC\Libraries\ioLibrary_Driver -ID:\Project\2019\W6100-EVB\TrueSTUDIO\W6100-EVB_SLAAC\Libraries\ioLibrary_Driver\Ethernet -ID:\Project\2019\W6100-EVB\TrueSTUDIO\W6100-EVB_SLAAC\Libraries\ioLibrary_Driver\Ethernet\W6100 -ID:\Project\2019\W6100-EVB\TrueSTUDIO\W6100-EVB_SLAAC\Libraries\ioLibrary_Driver\Internet\DHCP6 -O0 -ffunction-sections -fdata-sections -g -fstack-usage -Wfatal-errors -o Libraries\STM32F10x_StdPeriph_Driver\src\stm32f10x_dac.o 
arm-atollic-eabi-gcc -c ..\Libraries\ioLibrary_Driver\Ethernet\socket.c -mthumb -mcpu=cortex-m3 -std=gnu11 -DSTM32F10X_HD -DSTM32F103VC -DUSE_STDPERIPH_DRIVER -I../src -I../Libraries/STM32F10x_StdPeriph_Driver/inc -I../Libraries/CMSIS/Device/ST/STM32F10x/Include -I../Libraries/CMSIS/Include -ID:\Project\2019\W6100-EVB\TrueSTUDIO\W6100-EVB_SLAAC\Libraries\ioLibrary_Driver -ID:\Project\2019\W6100-EVB\TrueSTUDIO\W6100-EVB_SLAAC\Libraries\ioLibrary_Driver\Ethernet -ID:\Project\2019\W6100-EVB\TrueSTUDIO\W6100-EVB_SLAAC\Libraries\ioLibrary_Driver\Ethernet\W6100 -ID:\Project\2019\W6100-EVB\TrueSTUDIO\W6100-EVB_SLAAC\Libraries\ioLibrary_Driver\Internet\DHCP6 -O0 -ffunction-sections -fdata-sections -g -fstack-usage -Wfatal-errors -o Libraries\ioLibrary_Driver\Ethernet\socket.o 
arm-atollic-eabi-gcc -c ..\Libraries\STM32F10x_StdPeriph_Driver\src\stm32f10x_sdio.c -mthumb -mcpu=cortex-m3 -std=gnu11 -DSTM32F10X_HD -DSTM32F103VC -DUSE_STDPERIPH_DRIVER -I../src -I../Libraries/STM32F10x_StdPeriph_Driver/inc -I../Libraries/CMSIS/Device/ST/STM32F10x/Include -I../Libraries/CMSIS/Include -ID:\Project\2019\W6100-EVB\TrueSTUDIO\W6100-EVB_SLAAC\Libraries\ioLibrary_Driver -ID:\Project\2019\W6100-EVB\TrueSTUDIO\W6100-EVB_SLAAC\Libraries\ioLibrary_Driver\Ethernet -ID:\Project\2019\W6100-EVB\TrueSTUDIO\W6100-EVB_SLAAC\Libraries\ioLibrary_Driver\Ethernet\W6100 -ID:\Project\2019\W6100-EVB\TrueSTUDIO\W6100-EVB_SLAAC\Libraries\ioLibrary_Driver\Internet\DHCP6 -O0 -ffunction-sections -fdata-sections -g -fstack-usage -Wfatal-errors -o Libraries\STM32F10x_StdPeriph_Driver\src\stm32f10x_sdio.o 
arm-atollic-eabi-gcc -c ..\Libraries\STM32F10x_StdPeriph_Driver\src\stm32f10x_tim.c -mthumb -mcpu=cortex-m3 -std=gnu11 -DSTM32F10X_HD -DSTM32F103VC -DUSE_STDPERIPH_DRIVER -I../src -I../Libraries/STM32F10x_StdPeriph_Driver/inc -I../Libraries/CMSIS/Device/ST/STM32F10x/Include -I../Libraries/CMSIS/Include -ID:\Project\2019\W6100-EVB\TrueSTUDIO\W6100-EVB_SLAAC\Libraries\ioLibrary_Driver -ID:\Project\2019\W6100-EVB\TrueSTUDIO\W6100-EVB_SLAAC\Libraries\ioLibrary_Driver\Ethernet -ID:\Project\2019\W6100-EVB\TrueSTUDIO\W6100-EVB_SLAAC\Libraries\ioLibrary_Driver\Ethernet\W6100 -ID:\Project\2019\W6100-EVB\TrueSTUDIO\W6100-EVB_SLAAC\Libraries\ioLibrary_Driver\Internet\DHCP6 -O0 -ffunction-sections -fdata-sections -g -fstack-usage -Wfatal-errors -o Libraries\STM32F10x_StdPeriph_Driver\src\stm32f10x_tim.o 
arm-atollic-eabi-gcc -c ..\Libraries\ioLibrary_Driver\Ethernet\W6100\w6100.c -mthumb -mcpu=cortex-m3 -std=gnu11 -DSTM32F10X_HD -DSTM32F103VC -DUSE_STDPERIPH_DRIVER -I../src -I../Libraries/STM32F10x_StdPeriph_Driver/inc -I../Libraries/CMSIS/Device/ST/STM32F10x/Include -I../Libraries/CMSIS/Include -ID:\Project\2019\W6100-EVB\TrueSTUDIO\W6100-EVB_SLAAC\Libraries\ioLibrary_Driver -ID:\Project\2019\W6100-EVB\TrueSTUDIO\W6100-EVB_SLAAC\Libraries\ioLibrary_Driver\Ethernet -ID:\Project\2019\W6100-EVB\TrueSTUDIO\W6100-EVB_SLAAC\Libraries\ioLibrary_Driver\Ethernet\W6100 -ID:\Project\2019\W6100-EVB\TrueSTUDIO\W6100-EVB_SLAAC\Libraries\ioLibrary_Driver\Internet\DHCP6 -O0 -ffunction-sections -fdata-sections -g -fstack-usage -Wfatal-errors -o Libraries\ioLibrary_Driver\Ethernet\W6100\w6100.o 
arm-atollic-eabi-gcc -c ..\Libraries\STM32F10x_StdPeriph_Driver\src\stm32f10x_gpio.c -mthumb -mcpu=cortex-m3 -std=gnu11 -DSTM32F10X_HD -DSTM32F103VC -DUSE_STDPERIPH_DRIVER -I../src -I../Libraries/STM32F10x_StdPeriph_Driver/inc -I../Libraries/CMSIS/Device/ST/STM32F10x/Include -I../Libraries/CMSIS/Include -ID:\Project\2019\W6100-EVB\TrueSTUDIO\W6100-EVB_SLAAC\Libraries\ioLibrary_Driver -ID:\Project\2019\W6100-EVB\TrueSTUDIO\W6100-EVB_SLAAC\Libraries\ioLibrary_Driver\Ethernet -ID:\Project\2019\W6100-EVB\TrueSTUDIO\W6100-EVB_SLAAC\Libraries\ioLibrary_Driver\Ethernet\W6100 -ID:\Project\2019\W6100-EVB\TrueSTUDIO\W6100-EVB_SLAAC\Libraries\ioLibrary_Driver\Internet\DHCP6 -O0 -ffunction-sections -fdata-sections -g -fstack-usage -Wfatal-errors -o Libraries\STM32F10x_StdPeriph_Driver\src\stm32f10x_gpio.o 
arm-atollic-eabi-gcc -c ..\Libraries\ioLibrary_Driver\Ethernet\wizchip_conf.c -mthumb -mcpu=cortex-m3 -std=gnu11 -DSTM32F10X_HD -DSTM32F103VC -DUSE_STDPERIPH_DRIVER -I../src -I../Libraries/STM32F10x_StdPeriph_Driver/inc -I../Libraries/CMSIS/Device/ST/STM32F10x/Include -I../Libraries/CMSIS/Include -ID:\Project\2019\W6100-EVB\TrueSTUDIO\W6100-EVB_SLAAC\Libraries\ioLibrary_Driver -ID:\Project\2019\W6100-EVB\TrueSTUDIO\W6100-EVB_SLAAC\Libraries\ioLibrary_Driver\Ethernet -ID:\Project\2019\W6100-EVB\TrueSTUDIO\W6100-EVB_SLAAC\Libraries\ioLibrary_Driver\Ethernet\W6100 -ID:\Project\2019\W6100-EVB\TrueSTUDIO\W6100-EVB_SLAAC\Libraries\ioLibrary_Driver\Internet\DHCP6 -O0 -ffunction-sections -fdata-sections -g -fstack-usage -Wfatal-errors -o Libraries\ioLibrary_Driver\Ethernet\wizchip_conf.o 
arm-atollic-eabi-gcc -c ..\Libraries\STM32F10x_StdPeriph_Driver\src\stm32f10x_exti.c -mthumb -mcpu=cortex-m3 -std=gnu11 -DSTM32F10X_HD -DSTM32F103VC -DUSE_STDPERIPH_DRIVER -I../src -I../Libraries/STM32F10x_StdPeriph_Driver/inc -I../Libraries/CMSIS/Device/ST/STM32F10x/Include -I../Libraries/CMSIS/Include -ID:\Project\2019\W6100-EVB\TrueSTUDIO\W6100-EVB_SLAAC\Libraries\ioLibrary_Driver -ID:\Project\2019\W6100-EVB\TrueSTUDIO\W6100-EVB_SLAAC\Libraries\ioLibrary_Driver\Ethernet -ID:\Project\2019\W6100-EVB\TrueSTUDIO\W6100-EVB_SLAAC\Libraries\ioLibrary_Driver\Ethernet\W6100 -ID:\Project\2019\W6100-EVB\TrueSTUDIO\W6100-EVB_SLAAC\Libraries\ioLibrary_Driver\Internet\DHCP6 -O0 -ffunction-sections -fdata-sections -g -fstack-usage -Wfatal-errors -o Libraries\STM32F10x_StdPeriph_Driver\src\stm32f10x_exti.o 
arm-atollic-eabi-gcc -c ..\Libraries\STM32F10x_StdPeriph_Driver\src\stm32f10x_rcc.c -mthumb -mcpu=cortex-m3 -std=gnu11 -DSTM32F10X_HD -DSTM32F103VC -DUSE_STDPERIPH_DRIVER -I../src -I../Libraries/STM32F10x_StdPeriph_Driver/inc -I../Libraries/CMSIS/Device/ST/STM32F10x/Include -I../Libraries/CMSIS/Include -ID:\Project\2019\W6100-EVB\TrueSTUDIO\W6100-EVB_SLAAC\Libraries\ioLibrary_Driver -ID:\Project\2019\W6100-EVB\TrueSTUDIO\W6100-EVB_SLAAC\Libraries\ioLibrary_Driver\Ethernet -ID:\Project\2019\W6100-EVB\TrueSTUDIO\W6100-EVB_SLAAC\Libraries\ioLibrary_Driver\Ethernet\W6100 -ID:\Project\2019\W6100-EVB\TrueSTUDIO\W6100-EVB_SLAAC\Libraries\ioLibrary_Driver\Internet\DHCP6 -O0 -ffunction-sections -fdata-sections -g -fstack-usage -Wfatal-errors -o Libraries\STM32F10x_StdPeriph_Driver\src\stm32f10x_rcc.o 
arm-atollic-eabi-gcc -o W6100-EVB_SLAAC.elf Libraries\STM32F10x_StdPeriph_Driver\src\misc.o Libraries\STM32F10x_StdPeriph_Driver\src\stm32f10x_adc.o Libraries\STM32F10x_StdPeriph_Driver\src\stm32f10x_bkp.o Libraries\STM32F10x_StdPeriph_Driver\src\stm32f10x_can.o Libraries\STM32F10x_StdPeriph_Driver\src\stm32f10x_cec.o Libraries\STM32F10x_StdPeriph_Driver\src\stm32f10x_crc.o Libraries\STM32F10x_StdPeriph_Driver\src\stm32f10x_dac.o Libraries\STM32F10x_StdPeriph_Driver\src\stm32f10x_dbgmcu.o Libraries\STM32F10x_StdPeriph_Driver\src\stm32f10x_dma.o Libraries\STM32F10x_StdPeriph_Driver\src\stm32f10x_exti.o Libraries\STM32F10x_StdPeriph_Driver\src\stm32f10x_flash.o Libraries\STM32F10x_StdPeriph_Driver\src\stm32f10x_fsmc.o Libraries\STM32F10x_StdPeriph_Driver\src\stm32f10x_gpio.o Libraries\STM32F10x_StdPeriph_Driver\src\stm32f10x_i2c.o Libraries\STM32F10x_StdPeriph_Driver\src\stm32f10x_iwdg.o Libraries\STM32F10x_StdPeriph_Driver\src\stm32f10x_pwr.o Libraries\STM32F10x_StdPeriph_Driver\src\stm32f10x_rcc.o Libraries\STM32F10x_StdPeriph_Driver\src\stm32f10x_rtc.o Libraries\STM32F10x_StdPeriph_Driver\src\stm32f10x_sdio.o Libraries\STM32F10x_StdPeriph_Driver\src\stm32f10x_spi.o Libraries\STM32F10x_StdPeriph_Driver\src\stm32f10x_tim.o Libraries\STM32F10x_StdPeriph_Driver\src\stm32f10x_usart.o Libraries\STM32F10x_StdPeriph_Driver\src\stm32f10x_wwdg.o Libraries\ioLibrary_Driver\Application\loopback\loopback.o Libraries\ioLibrary_Driver\Ethernet\W6100\w6100.o Libraries\ioLibrary_Driver\Ethernet\socket.o Libraries\ioLibrary_Driver\Ethernet\wizchip_conf.o Libraries\ioLibrary_Driver\Internet\DHCP6\dhcpv6.o Libraries\syscalls\syscalls.o src\AddressAutoConfig.o src\HALInit.o src\W6100RelFunctions.o src\main.o src\msgq.o src\serialCommand.o src\startup_stm32f10x_hd.o src\system_stm32f10x.o src\usart.o -mthumb -mcpu=cortex-m3 -T../Debug_STM32F103VC_FLASH.ld -specs=nosys.specs -static -Wl,-cref,-u,Reset_Handler -Wl,-Map=W6100-EVB_SLAAC.map -Wl,--gc-sections -Wl,--defsym=malloc_getpagesize_P=0x80 -Wl,--start-group -lc -lm -Wl,--end-group 
D:\Atollic\TrueSTUDIO for STM32 9.1.0\ide\jre\bin\java -jar D:\Atollic\TrueSTUDIO for STM32 9.1.0\Tools\arm-atollic-reports.jar convert-hex sizeinfo list W6100-EVB_SLAAC.elf 
Generate build reports...
Converting build output to hex
Output sent to: W6100-EVB_SLAAC.hex
Converting build output to hex done
Print size information
   text	   data	    bss	    dec	    hex	filename
  41840	   1744	   2968	  46552	   b5d8	W6100-EVB_SLAAC.elf
Print size information done
Generate listing file
Output sent to: W6100-EVB_SLAAC.list
Generate listing file done
Generate build reports done
Info: Nothing to build for W6100-EVB_SLAAC
